
> erp-itad-guatemala@0.1.0 build
> next build

  Ôû▓ Next.js 14.2.18
  - Environments: .env.local

   Creating an optimized production build ...
node.exe : Failed to compile.
En línea: 1 Carácter: 1
+ & "C:\Program Files\nodejs/node.exe" "C:\Program 
Files\nodejs/node_mo ...
+ ~~~~~~~~~~~~~~~~~~~~~~~~~~~~~~~~~~~~~~~~~~~~~~~~~~~~~~
~~~~~~~~~~~~~~~
    + CategoryInfo          : NotSpecified: (Failed to  
   compile.:String) [], RemoteException
    + FullyQualifiedErrorId : NativeCommandError
 

./src/app/recepcion/components/RecepcionModule.tsx
Error: 
  [31mx[0m Unexpected token `div`. Expected jsx 
identifier
     ,-[[36;1;4mC:\Users\Usuario01\ITAD-ERP-GUATEMALA\s
rc\app\recepcion\components\RecepcionModule.tsx[0m:856:
1]
 [2m856[0m | 
 [2m857[0m |   const renderClassificationView = () => 
{
 [2m858[0m |     return (
 [2m859[0m |       <div className="min-h-screen 
bg-gray-900 text-white p-6">
     : [31;1m       ^^^[0m
 [2m860[0m |         <div className="max-w-7xl 
mx-auto">
 [2m861[0m |           <button
 [2m861[0m |             onClick={() => 
setView('boxes')}
     `----

Caused by:
    Syntax Error

Import trace for requested module:
./src/app/recepcion/components/RecepcionModule.tsx
./src/app/recepcion/page.tsx


> Build failed because of webpack errors
